J:/ET_projects/2. STM_projects/2. Firmware/STM_workspace/Web_Application_STM/LwIP_HTTP_Server_Netconn_RTOS/Middlewares/Third_Party/LwIP/src/core/ipv4/ip4_addr.c:58:1:ip4_addr_isbroadcast_u32	0	static
J:/ET_projects/2. STM_projects/2. Firmware/STM_workspace/Web_Application_STM/LwIP_HTTP_Server_Netconn_RTOS/Middlewares/Third_Party/LwIP/src/core/ipv4/ip4_addr.c:93:1:ip4_addr_netmask_valid	8	static
J:/ET_projects/2. STM_projects/2. Firmware/STM_workspace/Web_Application_STM/LwIP_HTTP_Server_Netconn_RTOS/Middlewares/Third_Party/LwIP/src/core/ipv4/ip4_addr.c:145:1:ip4addr_aton	40	static
J:/ET_projects/2. STM_projects/2. Firmware/STM_workspace/Web_Application_STM/LwIP_HTTP_Server_Netconn_RTOS/Middlewares/Third_Party/LwIP/src/core/ipv4/ip4_addr.c:123:1:ipaddr_addr	16	static
J:/ET_projects/2. STM_projects/2. Firmware/STM_workspace/Web_Application_STM/LwIP_HTTP_Server_Netconn_RTOS/Middlewares/Third_Party/LwIP/src/core/ipv4/ip4_addr.c:283:1:ip4addr_ntoa_r	48	static
J:/ET_projects/2. STM_projects/2. Firmware/STM_workspace/Web_Application_STM/LwIP_HTTP_Server_Netconn_RTOS/Middlewares/Third_Party/LwIP/src/core/ipv4/ip4_addr.c:267:1:ip4addr_ntoa	0	static
