J:/ET_projects/2. STM_projects/2. Firmware/STM_workspace/Web_Application_STM/LwIP_HTTP_Server_Netconn_RTOS/Drivers/STM32F4xx_HAL_Driver/Src/stm32f4xx_hal_eth.c:1266:13:HAL_ETH_RxLinkCallback	0	static
J:/ET_projects/2. STM_projects/2. Firmware/STM_workspace/Web_Application_STM/LwIP_HTTP_Server_Netconn_RTOS/Drivers/STM32F4xx_HAL_Driver/Src/stm32f4xx_hal_eth.c:2935:17:ETH_Prepare_Tx_Descriptors	24	static,ignoring_inline_asm
J:/ET_projects/2. STM_projects/2. Firmware/STM_workspace/Web_Application_STM/LwIP_HTTP_Server_Netconn_RTOS/Drivers/STM32F4xx_HAL_Driver/Src/stm32f4xx_hal_eth.c:2632:13:ETH_SetMACConfig	32	static
J:/ET_projects/2. STM_projects/2. Firmware/STM_workspace/Web_Application_STM/LwIP_HTTP_Server_Netconn_RTOS/Drivers/STM32F4xx_HAL_Driver/Src/stm32f4xx_hal_eth.c:2689:13:ETH_SetDMAConfig	24	static
J:/ET_projects/2. STM_projects/2. Firmware/STM_workspace/Web_Application_STM/LwIP_HTTP_Server_Netconn_RTOS/Drivers/STM32F4xx_HAL_Driver/Src/stm32f4xx_hal_eth.c:2618:13:ETH_FlushTransmitFIFO	16	static
J:/ET_projects/2. STM_projects/2. Firmware/STM_workspace/Web_Application_STM/LwIP_HTTP_Server_Netconn_RTOS/Drivers/STM32F4xx_HAL_Driver/Src/stm32f4xx_hal_eth.c:1249:13:HAL_ETH_RxAllocateCallback	0	static
J:/ET_projects/2. STM_projects/2. Firmware/STM_workspace/Web_Application_STM/LwIP_HTTP_Server_Netconn_RTOS/Drivers/STM32F4xx_HAL_Driver/Src/stm32f4xx_hal_eth.c:1138:13:ETH_UpdateDescriptor	48	static,ignoring_inline_asm
J:/ET_projects/2. STM_projects/2. Firmware/STM_workspace/Web_Application_STM/LwIP_HTTP_Server_Netconn_RTOS/Drivers/STM32F4xx_HAL_Driver/Src/stm32f4xx_hal_eth.c:1368:13:HAL_ETH_TxFreeCallback	0	static
J:/ET_projects/2. STM_projects/2. Firmware/STM_workspace/Web_Application_STM/LwIP_HTTP_Server_Netconn_RTOS/Drivers/STM32F4xx_HAL_Driver/Src/stm32f4xx_hal_eth.c:454:13:HAL_ETH_MspInit	0	static
J:/ET_projects/2. STM_projects/2. Firmware/STM_workspace/Web_Application_STM/LwIP_HTTP_Server_Netconn_RTOS/Drivers/STM32F4xx_HAL_Driver/Src/stm32f4xx_hal_eth.c:335:19:HAL_ETH_Init	176	static
J:/ET_projects/2. STM_projects/2. Firmware/STM_workspace/Web_Application_STM/LwIP_HTTP_Server_Netconn_RTOS/Drivers/STM32F4xx_HAL_Driver/Src/stm32f4xx_hal_eth.c:469:13:HAL_ETH_MspDeInit	0	static
J:/ET_projects/2. STM_projects/2. Firmware/STM_workspace/Web_Application_STM/LwIP_HTTP_Server_Netconn_RTOS/Drivers/STM32F4xx_HAL_Driver/Src/stm32f4xx_hal_eth.c:421:19:HAL_ETH_DeInit	8	static
J:/ET_projects/2. STM_projects/2. Firmware/STM_workspace/Web_Application_STM/LwIP_HTTP_Server_Netconn_RTOS/Drivers/STM32F4xx_HAL_Driver/Src/stm32f4xx_hal_eth.c:697:19:HAL_ETH_Start	16	static
J:/ET_projects/2. STM_projects/2. Firmware/STM_workspace/Web_Application_STM/LwIP_HTTP_Server_Netconn_RTOS/Drivers/STM32F4xx_HAL_Driver/Src/stm32f4xx_hal_eth.c:740:19:HAL_ETH_Start_IT	16	static
J:/ET_projects/2. STM_projects/2. Firmware/STM_workspace/Web_Application_STM/LwIP_HTTP_Server_Netconn_RTOS/Drivers/STM32F4xx_HAL_Driver/Src/stm32f4xx_hal_eth.c:803:19:HAL_ETH_Stop	8	static
J:/ET_projects/2. STM_projects/2. Firmware/STM_workspace/Web_Application_STM/LwIP_HTTP_Server_Netconn_RTOS/Drivers/STM32F4xx_HAL_Driver/Src/stm32f4xx_hal_eth.c:841:19:HAL_ETH_Stop_IT	8	static
J:/ET_projects/2. STM_projects/2. Firmware/STM_workspace/Web_Application_STM/LwIP_HTTP_Server_Netconn_RTOS/Drivers/STM32F4xx_HAL_Driver/Src/stm32f4xx_hal_eth.c:896:19:HAL_ETH_Transmit	24	static,ignoring_inline_asm
J:/ET_projects/2. STM_projects/2. Firmware/STM_workspace/Web_Application_STM/LwIP_HTTP_Server_Netconn_RTOS/Drivers/STM32F4xx_HAL_Driver/Src/stm32f4xx_hal_eth.c:971:19:HAL_ETH_Transmit_IT	8	static,ignoring_inline_asm
J:/ET_projects/2. STM_projects/2. Firmware/STM_workspace/Web_Application_STM/LwIP_HTTP_Server_Netconn_RTOS/Drivers/STM32F4xx_HAL_Driver/Src/stm32f4xx_hal_eth.c:1023:19:HAL_ETH_ReadData	56	static
J:/ET_projects/2. STM_projects/2. Firmware/STM_workspace/Web_Application_STM/LwIP_HTTP_Server_Netconn_RTOS/Drivers/STM32F4xx_HAL_Driver/Src/stm32f4xx_hal_eth.c:1215:19:HAL_ETH_RegisterRxAllocateCallback	0	static
J:/ET_projects/2. STM_projects/2. Firmware/STM_workspace/Web_Application_STM/LwIP_HTTP_Server_Netconn_RTOS/Drivers/STM32F4xx_HAL_Driver/Src/stm32f4xx_hal_eth.c:1236:19:HAL_ETH_UnRegisterRxAllocateCallback	0	static
J:/ET_projects/2. STM_projects/2. Firmware/STM_workspace/Web_Application_STM/LwIP_HTTP_Server_Netconn_RTOS/Drivers/STM32F4xx_HAL_Driver/Src/stm32f4xx_hal_eth.c:1285:19:HAL_ETH_RegisterRxLinkCallback	0	static
J:/ET_projects/2. STM_projects/2. Firmware/STM_workspace/Web_Application_STM/LwIP_HTTP_Server_Netconn_RTOS/Drivers/STM32F4xx_HAL_Driver/Src/stm32f4xx_hal_eth.c:1305:19:HAL_ETH_UnRegisterRxLinkCallback	0	static
J:/ET_projects/2. STM_projects/2. Firmware/STM_workspace/Web_Application_STM/LwIP_HTTP_Server_Netconn_RTOS/Drivers/STM32F4xx_HAL_Driver/Src/stm32f4xx_hal_eth.c:1320:19:HAL_ETH_GetRxDataErrorCode	0	static
J:/ET_projects/2. STM_projects/2. Firmware/STM_workspace/Web_Application_STM/LwIP_HTTP_Server_Netconn_RTOS/Drivers/STM32F4xx_HAL_Driver/Src/stm32f4xx_hal_eth.c:1335:19:HAL_ETH_RegisterTxFreeCallback	0	static
J:/ET_projects/2. STM_projects/2. Firmware/STM_workspace/Web_Application_STM/LwIP_HTTP_Server_Netconn_RTOS/Drivers/STM32F4xx_HAL_Driver/Src/stm32f4xx_hal_eth.c:1355:19:HAL_ETH_UnRegisterTxFreeCallback	0	static
J:/ET_projects/2. STM_projects/2. Firmware/STM_workspace/Web_Application_STM/LwIP_HTTP_Server_Netconn_RTOS/Drivers/STM32F4xx_HAL_Driver/Src/stm32f4xx_hal_eth.c:1383:19:HAL_ETH_ReleaseTxPacket	32	static
J:/ET_projects/2. STM_projects/2. Firmware/STM_workspace/Web_Application_STM/LwIP_HTTP_Server_Netconn_RTOS/Drivers/STM32F4xx_HAL_Driver/Src/stm32f4xx_hal_eth.c:1929:13:HAL_ETH_TxCpltCallback	0	static
J:/ET_projects/2. STM_projects/2. Firmware/STM_workspace/Web_Application_STM/LwIP_HTTP_Server_Netconn_RTOS/Drivers/STM32F4xx_HAL_Driver/Src/stm32f4xx_hal_eth.c:1944:13:HAL_ETH_RxCpltCallback	0	static
J:/ET_projects/2. STM_projects/2. Firmware/STM_workspace/Web_Application_STM/LwIP_HTTP_Server_Netconn_RTOS/Drivers/STM32F4xx_HAL_Driver/Src/stm32f4xx_hal_eth.c:1959:13:HAL_ETH_ErrorCallback	0	static
J:/ET_projects/2. STM_projects/2. Firmware/STM_workspace/Web_Application_STM/LwIP_HTTP_Server_Netconn_RTOS/Drivers/STM32F4xx_HAL_Driver/Src/stm32f4xx_hal_eth.c:1974:13:HAL_ETH_PMTCallback	0	static
J:/ET_projects/2. STM_projects/2. Firmware/STM_workspace/Web_Application_STM/LwIP_HTTP_Server_Netconn_RTOS/Drivers/STM32F4xx_HAL_Driver/Src/stm32f4xx_hal_eth.c:1990:13:HAL_ETH_WakeUpCallback	0	static
J:/ET_projects/2. STM_projects/2. Firmware/STM_workspace/Web_Application_STM/LwIP_HTTP_Server_Netconn_RTOS/Drivers/STM32F4xx_HAL_Driver/Src/stm32f4xx_hal_eth.c:1810:6:HAL_ETH_IRQHandler	8	static
J:/ET_projects/2. STM_projects/2. Firmware/STM_workspace/Web_Application_STM/LwIP_HTTP_Server_Netconn_RTOS/Drivers/STM32F4xx_HAL_Driver/Src/stm32f4xx_hal_eth.c:2008:19:HAL_ETH_ReadPHYRegister	24	static
J:/ET_projects/2. STM_projects/2. Firmware/STM_workspace/Web_Application_STM/LwIP_HTTP_Server_Netconn_RTOS/Drivers/STM32F4xx_HAL_Driver/Src/stm32f4xx_hal_eth.c:2060:19:HAL_ETH_WritePHYRegister	16	static
J:/ET_projects/2. STM_projects/2. Firmware/STM_workspace/Web_Application_STM/LwIP_HTTP_Server_Netconn_RTOS/Drivers/STM32F4xx_HAL_Driver/Src/stm32f4xx_hal_eth.c:2128:19:HAL_ETH_GetMACConfig	0	static
J:/ET_projects/2. STM_projects/2. Firmware/STM_workspace/Web_Application_STM/LwIP_HTTP_Server_Netconn_RTOS/Drivers/STM32F4xx_HAL_Driver/Src/stm32f4xx_hal_eth.c:2171:19:HAL_ETH_GetDMAConfig	0	static
J:/ET_projects/2. STM_projects/2. Firmware/STM_workspace/Web_Application_STM/LwIP_HTTP_Server_Netconn_RTOS/Drivers/STM32F4xx_HAL_Driver/Src/stm32f4xx_hal_eth.c:2208:19:HAL_ETH_SetMACConfig	8	static
J:/ET_projects/2. STM_projects/2. Firmware/STM_workspace/Web_Application_STM/LwIP_HTTP_Server_Netconn_RTOS/Drivers/STM32F4xx_HAL_Driver/Src/stm32f4xx_hal_eth.c:2235:19:HAL_ETH_SetDMAConfig	8	static
J:/ET_projects/2. STM_projects/2. Firmware/STM_workspace/Web_Application_STM/LwIP_HTTP_Server_Netconn_RTOS/Drivers/STM32F4xx_HAL_Driver/Src/stm32f4xx_hal_eth.c:2260:6:HAL_ETH_SetMDIOClockRange	16	static
J:/ET_projects/2. STM_projects/2. Firmware/STM_workspace/Web_Application_STM/LwIP_HTTP_Server_Netconn_RTOS/Drivers/STM32F4xx_HAL_Driver/Src/stm32f4xx_hal_eth.c:2312:19:HAL_ETH_SetMACFilterConfig	20	static
J:/ET_projects/2. STM_projects/2. Firmware/STM_workspace/Web_Application_STM/LwIP_HTTP_Server_Netconn_RTOS/Drivers/STM32F4xx_HAL_Driver/Src/stm32f4xx_hal_eth.c:2346:19:HAL_ETH_GetMACFilterConfig	0	static
J:/ET_projects/2. STM_projects/2. Firmware/STM_workspace/Web_Application_STM/LwIP_HTTP_Server_Netconn_RTOS/Drivers/STM32F4xx_HAL_Driver/Src/stm32f4xx_hal_eth.c:2383:19:HAL_ETH_SetSourceMACAddrMatch	8	static
J:/ET_projects/2. STM_projects/2. Firmware/STM_workspace/Web_Application_STM/LwIP_HTTP_Server_Netconn_RTOS/Drivers/STM32F4xx_HAL_Driver/Src/stm32f4xx_hal_eth.c:2418:19:HAL_ETH_SetHashTable	0	static
J:/ET_projects/2. STM_projects/2. Firmware/STM_workspace/Web_Application_STM/LwIP_HTTP_Server_Netconn_RTOS/Drivers/STM32F4xx_HAL_Driver/Src/stm32f4xx_hal_eth.c:2440:6:HAL_ETH_SetRxVLANIdentifier	0	static
J:/ET_projects/2. STM_projects/2. Firmware/STM_workspace/Web_Application_STM/LwIP_HTTP_Server_Netconn_RTOS/Drivers/STM32F4xx_HAL_Driver/Src/stm32f4xx_hal_eth.c:2461:6:HAL_ETH_EnterPowerDownMode	8	static
J:/ET_projects/2. STM_projects/2. Firmware/STM_workspace/Web_Application_STM/LwIP_HTTP_Server_Netconn_RTOS/Drivers/STM32F4xx_HAL_Driver/Src/stm32f4xx_hal_eth.c:2479:6:HAL_ETH_ExitPowerDownMode	0	static
J:/ET_projects/2. STM_projects/2. Firmware/STM_workspace/Web_Application_STM/LwIP_HTTP_Server_Netconn_RTOS/Drivers/STM32F4xx_HAL_Driver/Src/stm32f4xx_hal_eth.c:2502:19:HAL_ETH_SetWakeUpFilter	0	static
J:/ET_projects/2. STM_projects/2. Firmware/STM_workspace/Web_Application_STM/LwIP_HTTP_Server_Netconn_RTOS/Drivers/STM32F4xx_HAL_Driver/Src/stm32f4xx_hal_eth.c:2551:22:HAL_ETH_GetState	0	static
J:/ET_projects/2. STM_projects/2. Firmware/STM_workspace/Web_Application_STM/LwIP_HTTP_Server_Netconn_RTOS/Drivers/STM32F4xx_HAL_Driver/Src/stm32f4xx_hal_eth.c:2562:10:HAL_ETH_GetError	0	static
J:/ET_projects/2. STM_projects/2. Firmware/STM_workspace/Web_Application_STM/LwIP_HTTP_Server_Netconn_RTOS/Drivers/STM32F4xx_HAL_Driver/Src/stm32f4xx_hal_eth.c:2573:10:HAL_ETH_GetDMAError	0	static
J:/ET_projects/2. STM_projects/2. Firmware/STM_workspace/Web_Application_STM/LwIP_HTTP_Server_Netconn_RTOS/Drivers/STM32F4xx_HAL_Driver/Src/stm32f4xx_hal_eth.c:2584:10:HAL_ETH_GetMACError	0	static
J:/ET_projects/2. STM_projects/2. Firmware/STM_workspace/Web_Application_STM/LwIP_HTTP_Server_Netconn_RTOS/Drivers/STM32F4xx_HAL_Driver/Src/stm32f4xx_hal_eth.c:2595:10:HAL_ETH_GetMACWakeUpSource	0	static
