J:/ET_projects/2. STM_projects/2. Firmware/STM_workspace/Web_Application_STM/LwIP_HTTP_Server_Netconn_RTOS/Middlewares/Third_Party/LwIP/src/core/memp.c:245:1:do_memp_malloc_pool	16	static
J:/ET_projects/2. STM_projects/2. Firmware/STM_workspace/Web_Application_STM/LwIP_HTTP_Server_Netconn_RTOS/Middlewares/Third_Party/LwIP/src/core/memp.c:359:1:do_memp_free_pool	16	static
J:/ET_projects/2. STM_projects/2. Firmware/STM_workspace/Web_Application_STM/LwIP_HTTP_Server_Netconn_RTOS/Middlewares/Third_Party/LwIP/src/core/memp.c:175:1:memp_init_pool	12	static
J:/ET_projects/2. STM_projects/2. Firmware/STM_workspace/Web_Application_STM/LwIP_HTTP_Server_Netconn_RTOS/Middlewares/Third_Party/LwIP/src/core/memp.c:224:1:memp_init	16	static
J:/ET_projects/2. STM_projects/2. Firmware/STM_workspace/Web_Application_STM/LwIP_HTTP_Server_Netconn_RTOS/Middlewares/Third_Party/LwIP/src/core/memp.c:311:1:memp_malloc_pool	8	static
J:/ET_projects/2. STM_projects/2. Firmware/STM_workspace/Web_Application_STM/LwIP_HTTP_Server_Netconn_RTOS/Middlewares/Third_Party/LwIP/src/core/memp.c:337:1:memp_malloc	8	static
J:/ET_projects/2. STM_projects/2. Firmware/STM_workspace/Web_Application_STM/LwIP_HTTP_Server_Netconn_RTOS/Middlewares/Third_Party/LwIP/src/core/memp.c:403:1:memp_free_pool	0	static
J:/ET_projects/2. STM_projects/2. Firmware/STM_workspace/Web_Application_STM/LwIP_HTTP_Server_Netconn_RTOS/Middlewares/Third_Party/LwIP/src/core/memp.c:420:1:memp_free	0	static
