J:/ET_projects/2. STM_projects/2. Firmware/STM_workspace/Web_Application_STM/LwIP_HTTP_Server_Netconn_RTOS/Src/ethernetif.c:543:9:ETH_PHY_IO_DeInit	0	static
J:/ET_projects/2. STM_projects/2. Firmware/STM_workspace/Web_Application_STM/LwIP_HTTP_Server_Netconn_RTOS/Src/ethernetif.c:256:14:low_level_output	64	static
J:/ET_projects/2. STM_projects/2. Firmware/STM_workspace/Web_Application_STM/LwIP_HTTP_Server_Netconn_RTOS/Src/ethernetif.c:722:6:RMII_Thread	8	static
J:/ET_projects/2. STM_projects/2. Firmware/STM_workspace/Web_Application_STM/LwIP_HTTP_Server_Netconn_RTOS/Src/ethernetif.c:586:9:ETH_PHY_IO_GetTick	0	static
J:/ET_projects/2. STM_projects/2. Firmware/STM_workspace/Web_Application_STM/LwIP_HTTP_Server_Netconn_RTOS/Src/ethernetif.c:526:9:ETH_PHY_IO_Init	8	static
J:/ET_projects/2. STM_projects/2. Firmware/STM_workspace/Web_Application_STM/LwIP_HTTP_Server_Netconn_RTOS/Src/ethernetif.c:555:9:ETH_PHY_IO_ReadReg	8	static
J:/ET_projects/2. STM_projects/2. Firmware/STM_workspace/Web_Application_STM/LwIP_HTTP_Server_Netconn_RTOS/Src/ethernetif.c:572:9:ETH_PHY_IO_WriteReg	8	static
J:/ET_projects/2. STM_projects/2. Firmware/STM_workspace/Web_Application_STM/LwIP_HTTP_Server_Netconn_RTOS/Src/ethernetif.c:403:6:pbuf_free_custom	8	static
J:/ET_projects/2. STM_projects/2. Firmware/STM_workspace/Web_Application_STM/LwIP_HTTP_Server_Netconn_RTOS/Src/ethernetif.c:329:13:ethernetif_input	32	static
J:/ET_projects/2. STM_projects/2. Firmware/STM_workspace/Web_Application_STM/LwIP_HTTP_Server_Netconn_RTOS/Src/ethernetif.c:366:7:ethernetif_init	176	static
J:/ET_projects/2. STM_projects/2. Firmware/STM_workspace/Web_Application_STM/LwIP_HTTP_Server_Netconn_RTOS/Src/ethernetif.c:421:7:sys_now	0	static
J:/ET_projects/2. STM_projects/2. Firmware/STM_workspace/Web_Application_STM/LwIP_HTTP_Server_Netconn_RTOS/Src/ethernetif.c:434:6:HAL_ETH_MspInit	64	static
J:/ET_projects/2. STM_projects/2. Firmware/STM_workspace/Web_Application_STM/LwIP_HTTP_Server_Netconn_RTOS/Src/ethernetif.c:490:6:HAL_ETH_RxCpltCallback	0	static
J:/ET_projects/2. STM_projects/2. Firmware/STM_workspace/Web_Application_STM/LwIP_HTTP_Server_Netconn_RTOS/Src/ethernetif.c:500:6:HAL_ETH_TxCpltCallback	0	static
J:/ET_projects/2. STM_projects/2. Firmware/STM_workspace/Web_Application_STM/LwIP_HTTP_Server_Netconn_RTOS/Src/ethernetif.c:510:6:HAL_ETH_ErrorCallback	8	static
J:/ET_projects/2. STM_projects/2. Firmware/STM_workspace/Web_Application_STM/LwIP_HTTP_Server_Netconn_RTOS/Src/ethernetif.c:596:6:ethernet_link_thread	136	static
J:/ET_projects/2. STM_projects/2. Firmware/STM_workspace/Web_Application_STM/LwIP_HTTP_Server_Netconn_RTOS/Src/ethernetif.c:659:6:HAL_ETH_RxAllocateCallback	16	static
J:/ET_projects/2. STM_projects/2. Firmware/STM_workspace/Web_Application_STM/LwIP_HTTP_Server_Netconn_RTOS/Src/ethernetif.c:679:6:HAL_ETH_RxLinkCallback	12	static
J:/ET_projects/2. STM_projects/2. Firmware/STM_workspace/Web_Application_STM/LwIP_HTTP_Server_Netconn_RTOS/Src/ethernetif.c:712:6:HAL_ETH_TxFreeCallback	0	static
